C51 COMPILER V9.59.0.0   LED                                                               11/15/2023 08:59:59 PAGE 1   


C51 COMPILER V9.59.0.0, COMPILATION OF MODULE LED
OBJECT MODULE PLACED IN .\Objects\LED.obj
COMPILER INVOKED BY: C:\Keil_v5\C51\BIN\C51.EXE LED.c OPTIMIZE(8,SPEED) BROWSE DEBUG OBJECTEXTEND PRINT(.\Listings\LED.l
                    -st) TABS(2) OBJECT(.\Objects\LED.obj)

line level    source

   1          #include<reg51.h>                                       //including required lib's
   2          
   3          void main()                                             //main function
   4          {
   5   1        unsigned int number;                                  //decleration of variables
   6   1        
   7   1        P1 = 0x00;                                            //all pins of port are low
   8   1        for (number = 0; number <= 40000; number++);          //delay using for loop
   9   1        
  10   1        while(1)                                              //forever loop (or we can use for(;;))
  11   1          {
  12   2            P1 = 0xFF;                                        //all pins of port are high
  13   2            
  14   2            for (number = 0; number <= 40000; number++)       //delay using for loop
  15   2            {
  16   3              
  17   3            }
  18   2            
  19   2            P1 = 0x00;                                        //all pins of port are low
  20   2            
  21   2            for (number = 0; number <= 40000; number++)       //delay using for loop
  22   2            {
  23   3              
  24   3            }
  25   2          }
  26   1      }


MODULE INFORMATION:   STATIC OVERLAYABLE
   CODE SIZE        =     88    ----
   CONSTANT SIZE    =   ----    ----
   XDATA SIZE       =   ----    ----
   PDATA SIZE       =   ----    ----
   DATA SIZE        =   ----    ----
   IDATA SIZE       =   ----    ----
   BIT SIZE         =   ----    ----
END OF MODULE INFORMATION.


C51 COMPILATION COMPLETE.  0 WARNING(S),  0 ERROR(S)
